org\apache\commons\geometry\euclidean\threed\SimpleTriangle3DTest.class
org\apache\commons\geometry\euclidean\twod\Bounds2DTest$BoundsLinecastChecker2D.class
org\apache\commons\geometry\euclidean\twod\path\LinePathTest.class
org\apache\commons\geometry\euclidean\EuclideanTestUtils.class
org\apache\commons\geometry\euclidean\threed\line\LineConvexSubset3DTest.class
org\apache\commons\geometry\euclidean\threed\LinecastChecker3D$ExpectedResult.class
org\apache\commons\geometry\euclidean\twod\hull\ConvexHull2DTest.class
org\apache\commons\geometry\euclidean\threed\LinecastChecker3D.class
org\apache\commons\geometry\euclidean\threed\shape\ParallelepipedTest.class
org\apache\commons\geometry\euclidean\twod\AffineTransformMatrix2DTest$Coordinate2DTest.class
org\apache\commons\geometry\euclidean\EuclideanTestUtils$PermuteCallback2D.class
org\apache\commons\geometry\euclidean\twod\RayTest.class
org\apache\commons\geometry\euclidean\twod\BoundarySourceBoundsBuilder2DTest.class
org\apache\commons\geometry\euclidean\twod\PointMap2DTest.class
org\apache\commons\geometry\euclidean\threed\PointSet3DTest.class
org\apache\commons\geometry\euclidean\oned\IntervalTest.class
org\apache\commons\geometry\euclidean\threed\mesh\SimpleTriangleMeshTest.class
org\apache\commons\geometry\euclidean\threed\line\Line3DTest.class
org\apache\commons\geometry\euclidean\threed\EmbeddingPlaneTest.class
org\apache\commons\geometry\euclidean\oned\AffineTransformMatrix1DTest.class
org\apache\commons\geometry\euclidean\twod\rotation\Rotation2DTest.class
org\apache\commons\geometry\euclidean\twod\shape\ParallelogramTest.class
org\apache\commons\geometry\euclidean\threed\shape\SphereTest.class
org\apache\commons\geometry\euclidean\oned\OrientedPointTest.class
org\apache\commons\geometry\euclidean\oned\RegionBSPTree1DTest.class
org\apache\commons\geometry\euclidean\threed\line\Segment3DTest.class
org\apache\commons\geometry\euclidean\internal\VectorsTest.class
org\apache\commons\geometry\euclidean\threed\line\EmbeddedTreeLineSubset3DTest.class
org\apache\commons\geometry\euclidean\twod\AffineTransformMatrix2DTest.class
org\apache\commons\geometry\euclidean\internal\EuclideanUtilsTest.class
org\apache\commons\geometry\euclidean\threed\AffineTransformMatrix3DTest.class
org\apache\commons\geometry\euclidean\twod\LineSubsetTest.class
org\apache\commons\geometry\euclidean\threed\BoundarySourceLinecaster3DTest.class
org\apache\commons\geometry\euclidean\threed\Bounds3DTest.class
org\apache\commons\geometry\euclidean\DocumentationExamplesTest.class
org\apache\commons\geometry\euclidean\EuclideanTestUtils$PermuteCallback3D.class
org\apache\commons\geometry\euclidean\twod\LineConvexSubsetTest.class
org\apache\commons\geometry\euclidean\threed\line\LinecastPoint3DTest.class
org\apache\commons\geometry\euclidean\threed\PlaneConvexSubsetTest.class
org\apache\commons\geometry\euclidean\threed\PlaneTest.class
org\apache\commons\geometry\euclidean\threed\RegionBSPTree3DTest.class
org\apache\commons\geometry\euclidean\threed\BoundarySourceBoundsBuilder3DTest.class
org\apache\commons\geometry\euclidean\threed\Bounds3DTest$BoundsLinecastChecker3D.class
org\apache\commons\geometry\euclidean\threed\PlanesTest.class
org\apache\commons\geometry\euclidean\threed\BoundaryList3DTest.class
org\apache\commons\geometry\euclidean\twod\PointSet2DTest.class
org\apache\commons\geometry\euclidean\threed\rotation\QuaternionRotationTest.class
org\apache\commons\geometry\euclidean\threed\rotation\AxisSequenceTest.class
org\apache\commons\geometry\euclidean\threed\SphericalCoordinatesTest.class
org\apache\commons\geometry\euclidean\threed\BoundarySource3DTest.class
org\apache\commons\geometry\euclidean\twod\LineTest.class
org\apache\commons\geometry\euclidean\twod\Bounds2DTest.class
org\apache\commons\geometry\euclidean\twod\LineSpanningSubsetTest.class
org\apache\commons\geometry\euclidean\oned\PointMap1DTest.class
org\apache\commons\geometry\euclidean\threed\EmbeddedTreePlaneSubsetTest.class
org\apache\commons\geometry\euclidean\oned\Vector1DTest.class
org\apache\commons\geometry\euclidean\threed\PointMap3DTest.class
org\apache\commons\geometry\euclidean\internal\MatricesTest.class
org\apache\commons\geometry\euclidean\threed\line\Ray3DTest.class
org\apache\commons\geometry\euclidean\twod\path\AbstractLinePathConnectorTest$TestConnector.class
org\apache\commons\geometry\euclidean\twod\RegionBSPTree2DTest.class
org\apache\commons\geometry\euclidean\twod\hull\ConvexHullBuilderTest.class
org\apache\commons\geometry\euclidean\twod\path\AbstractLinePathConnectorTest$1.class
org\apache\commons\geometry\euclidean\oned\PointSet1DTest.class
org\apache\commons\geometry\euclidean\twod\LinecastChecker2D.class
org\apache\commons\geometry\euclidean\twod\BoundarySource2DTest.class
org\apache\commons\geometry\euclidean\twod\EmbeddedTreeLineSubsetTest.class
org\apache\commons\geometry\euclidean\twod\path\InteriorAngleLinePathConnectorTest.class
org\apache\commons\geometry\euclidean\twod\BoundarySourceLinecaster2DTest.class
org\apache\commons\geometry\euclidean\twod\LinecastPoint2DTest.class
org\apache\commons\geometry\euclidean\twod\path\AbstractLinePathConnectorTest.class
org\apache\commons\geometry\euclidean\threed\rotation\StandardRotations.class
org\apache\commons\geometry\euclidean\twod\Vector2DTest.class
org\apache\commons\geometry\euclidean\twod\BoundaryList2DTest.class
org\apache\commons\geometry\euclidean\twod\shape\CircleTest.class
org\apache\commons\geometry\euclidean\threed\ConvexVolumeTest.class
org\apache\commons\geometry\euclidean\threed\rotation\AxisAngleSequenceTest.class
org\apache\commons\geometry\euclidean\twod\PolarCoordinatesTest.class
org\apache\commons\geometry\euclidean\threed\line\ReverseRay3DTest.class
org\apache\commons\geometry\euclidean\threed\EmbeddedAreaPlaneConvexSubsetTest.class
org\apache\commons\geometry\euclidean\twod\SegmentTest.class
org\apache\commons\geometry\euclidean\oned\AffineTransformMatrix1DTest$Coordinate1DTest.class
org\apache\commons\geometry\euclidean\twod\ReverseRayTest.class
org\apache\commons\geometry\euclidean\threed\Vector3DTest.class
org\apache\commons\geometry\euclidean\threed\VertexListConvexPolygon3DTest.class
org\apache\commons\geometry\euclidean\twod\ConvexAreaTest.class
org\apache\commons\geometry\euclidean\twod\LinecastChecker2D$ExpectedResult.class
