C:\Users\ULUGBEK\IdeaProjects\commons-geometry\commons-geometry-euclidean\src\test\java\org\apache\commons\geometry\euclidean\threed\Bounds3DTest.java
C:\Users\ULUGBEK\IdeaProjects\commons-geometry\commons-geometry-euclidean\src\test\java\org\apache\commons\geometry\euclidean\threed\rotation\AxisAngleSequenceTest.java
C:\Users\ULUGBEK\IdeaProjects\commons-geometry\commons-geometry-euclidean\src\test\java\org\apache\commons\geometry\euclidean\twod\path\InteriorAngleLinePathConnectorTest.java
C:\Users\ULUGBEK\IdeaProjects\commons-geometry\commons-geometry-euclidean\src\test\java\org\apache\commons\geometry\euclidean\threed\RegionBSPTree3DTest.java
C:\Users\ULUGBEK\IdeaProjects\commons-geometry\commons-geometry-euclidean\src\test\java\org\apache\commons\geometry\euclidean\twod\path\LinePathTest.java
C:\Users\ULUGBEK\IdeaProjects\commons-geometry\commons-geometry-euclidean\src\test\java\org\apache\commons\geometry\euclidean\internal\EuclideanUtilsTest.java
C:\Users\ULUGBEK\IdeaProjects\commons-geometry\commons-geometry-euclidean\src\test\java\org\apache\commons\geometry\euclidean\internal\VectorsTest.java
C:\Users\ULUGBEK\IdeaProjects\commons-geometry\commons-geometry-euclidean\src\test\java\org\apache\commons\geometry\euclidean\threed\line\ReverseRay3DTest.java
C:\Users\ULUGBEK\IdeaProjects\commons-geometry\commons-geometry-euclidean\src\test\java\org\apache\commons\geometry\euclidean\twod\Bounds2DTest.java
C:\Users\ULUGBEK\IdeaProjects\commons-geometry\commons-geometry-euclidean\src\test\java\org\apache\commons\geometry\euclidean\threed\line\LineConvexSubset3DTest.java
C:\Users\ULUGBEK\IdeaProjects\commons-geometry\commons-geometry-euclidean\src\test\java\org\apache\commons\geometry\euclidean\twod\LineConvexSubsetTest.java
C:\Users\ULUGBEK\IdeaProjects\commons-geometry\commons-geometry-euclidean\src\test\java\org\apache\commons\geometry\euclidean\threed\AffineTransformMatrix3DTest.java
C:\Users\ULUGBEK\IdeaProjects\commons-geometry\commons-geometry-euclidean\src\test\java\org\apache\commons\geometry\euclidean\threed\PlaneTest.java
C:\Users\ULUGBEK\IdeaProjects\commons-geometry\commons-geometry-euclidean\src\test\java\org\apache\commons\geometry\euclidean\twod\AffineTransformMatrix2DTest.java
C:\Users\ULUGBEK\IdeaProjects\commons-geometry\commons-geometry-euclidean\src\test\java\org\apache\commons\geometry\euclidean\twod\shape\CircleTest.java
C:\Users\ULUGBEK\IdeaProjects\commons-geometry\commons-geometry-euclidean\src\test\java\org\apache\commons\geometry\euclidean\threed\line\Line3DTest.java
C:\Users\ULUGBEK\IdeaProjects\commons-geometry\commons-geometry-euclidean\src\test\java\org\apache\commons\geometry\euclidean\EuclideanTestUtils.java
C:\Users\ULUGBEK\IdeaProjects\commons-geometry\commons-geometry-euclidean\src\test\java\org\apache\commons\geometry\euclidean\twod\ReverseRayTest.java
C:\Users\ULUGBEK\IdeaProjects\commons-geometry\commons-geometry-euclidean\src\test\java\org\apache\commons\geometry\euclidean\threed\BoundarySourceLinecaster3DTest.java
C:\Users\ULUGBEK\IdeaProjects\commons-geometry\commons-geometry-euclidean\src\test\java\org\apache\commons\geometry\euclidean\twod\BoundarySourceBoundsBuilder2DTest.java
C:\Users\ULUGBEK\IdeaProjects\commons-geometry\commons-geometry-euclidean\src\test\java\org\apache\commons\geometry\euclidean\oned\PointMap1DTest.java
C:\Users\ULUGBEK\IdeaProjects\commons-geometry\commons-geometry-euclidean\src\test\java\org\apache\commons\geometry\euclidean\threed\PointSet3DTest.java
C:\Users\ULUGBEK\IdeaProjects\commons-geometry\commons-geometry-euclidean\src\test\java\org\apache\commons\geometry\euclidean\twod\rotation\Rotation2DTest.java
C:\Users\ULUGBEK\IdeaProjects\commons-geometry\commons-geometry-euclidean\src\test\java\org\apache\commons\geometry\euclidean\twod\LineSpanningSubsetTest.java
C:\Users\ULUGBEK\IdeaProjects\commons-geometry\commons-geometry-euclidean\src\test\java\org\apache\commons\geometry\euclidean\threed\line\LinecastPoint3DTest.java
C:\Users\ULUGBEK\IdeaProjects\commons-geometry\commons-geometry-euclidean\src\test\java\org\apache\commons\geometry\euclidean\oned\IntervalTest.java
C:\Users\ULUGBEK\IdeaProjects\commons-geometry\commons-geometry-euclidean\src\test\java\org\apache\commons\geometry\euclidean\oned\Vector1DTest.java
C:\Users\ULUGBEK\IdeaProjects\commons-geometry\commons-geometry-euclidean\src\test\java\org\apache\commons\geometry\euclidean\twod\RayTest.java
C:\Users\ULUGBEK\IdeaProjects\commons-geometry\commons-geometry-euclidean\src\test\java\org\apache\commons\geometry\euclidean\internal\MatricesTest.java
C:\Users\ULUGBEK\IdeaProjects\commons-geometry\commons-geometry-euclidean\src\test\java\org\apache\commons\geometry\euclidean\twod\EmbeddedTreeLineSubsetTest.java
C:\Users\ULUGBEK\IdeaProjects\commons-geometry\commons-geometry-euclidean\src\test\java\org\apache\commons\geometry\euclidean\threed\line\Segment3DTest.java
C:\Users\ULUGBEK\IdeaProjects\commons-geometry\commons-geometry-euclidean\src\test\java\org\apache\commons\geometry\euclidean\twod\LineSubsetTest.java
C:\Users\ULUGBEK\IdeaProjects\commons-geometry\commons-geometry-euclidean\src\test\java\org\apache\commons\geometry\euclidean\threed\SphericalCoordinatesTest.java
C:\Users\ULUGBEK\IdeaProjects\commons-geometry\commons-geometry-euclidean\src\test\java\org\apache\commons\geometry\euclidean\twod\PolarCoordinatesTest.java
C:\Users\ULUGBEK\IdeaProjects\commons-geometry\commons-geometry-euclidean\src\test\java\org\apache\commons\geometry\euclidean\twod\PointMap2DTest.java
C:\Users\ULUGBEK\IdeaProjects\commons-geometry\commons-geometry-euclidean\src\test\java\org\apache\commons\geometry\euclidean\twod\path\AbstractLinePathConnectorTest.java
C:\Users\ULUGBEK\IdeaProjects\commons-geometry\commons-geometry-euclidean\src\test\java\org\apache\commons\geometry\euclidean\twod\Vector2DTest.java
C:\Users\ULUGBEK\IdeaProjects\commons-geometry\commons-geometry-euclidean\src\test\java\org\apache\commons\geometry\euclidean\threed\line\Ray3DTest.java
C:\Users\ULUGBEK\IdeaProjects\commons-geometry\commons-geometry-euclidean\src\test\java\org\apache\commons\geometry\euclidean\twod\BoundarySourceLinecaster2DTest.java
C:\Users\ULUGBEK\IdeaProjects\commons-geometry\commons-geometry-euclidean\src\test\java\org\apache\commons\geometry\euclidean\threed\BoundarySourceBoundsBuilder3DTest.java
C:\Users\ULUGBEK\IdeaProjects\commons-geometry\commons-geometry-euclidean\src\test\java\org\apache\commons\geometry\euclidean\threed\EmbeddingPlaneTest.java
C:\Users\ULUGBEK\IdeaProjects\commons-geometry\commons-geometry-euclidean\src\test\java\org\apache\commons\geometry\euclidean\threed\BoundarySource3DTest.java
C:\Users\ULUGBEK\IdeaProjects\commons-geometry\commons-geometry-euclidean\src\test\java\org\apache\commons\geometry\euclidean\twod\shape\ParallelogramTest.java
C:\Users\ULUGBEK\IdeaProjects\commons-geometry\commons-geometry-euclidean\src\test\java\org\apache\commons\geometry\euclidean\threed\EmbeddedAreaPlaneConvexSubsetTest.java
C:\Users\ULUGBEK\IdeaProjects\commons-geometry\commons-geometry-euclidean\src\test\java\org\apache\commons\geometry\euclidean\twod\LinecastChecker2D.java
C:\Users\ULUGBEK\IdeaProjects\commons-geometry\commons-geometry-euclidean\src\test\java\org\apache\commons\geometry\euclidean\threed\LinecastChecker3D.java
C:\Users\ULUGBEK\IdeaProjects\commons-geometry\commons-geometry-euclidean\src\test\java\org\apache\commons\geometry\euclidean\twod\hull\ConvexHullBuilderTest.java
C:\Users\ULUGBEK\IdeaProjects\commons-geometry\commons-geometry-euclidean\src\test\java\org\apache\commons\geometry\euclidean\threed\shape\ParallelepipedTest.java
C:\Users\ULUGBEK\IdeaProjects\commons-geometry\commons-geometry-euclidean\src\test\java\org\apache\commons\geometry\euclidean\threed\PointMap3DTest.java
C:\Users\ULUGBEK\IdeaProjects\commons-geometry\commons-geometry-euclidean\src\test\java\org\apache\commons\geometry\euclidean\oned\AffineTransformMatrix1DTest.java
C:\Users\ULUGBEK\IdeaProjects\commons-geometry\commons-geometry-euclidean\src\test\java\org\apache\commons\geometry\euclidean\threed\rotation\AxisSequenceTest.java
C:\Users\ULUGBEK\IdeaProjects\commons-geometry\commons-geometry-euclidean\src\test\java\org\apache\commons\geometry\euclidean\twod\BoundarySource2DTest.java
C:\Users\ULUGBEK\IdeaProjects\commons-geometry\commons-geometry-euclidean\src\test\java\org\apache\commons\geometry\euclidean\twod\SegmentTest.java
C:\Users\ULUGBEK\IdeaProjects\commons-geometry\commons-geometry-euclidean\src\test\java\org\apache\commons\geometry\euclidean\threed\mesh\SimpleTriangleMeshTest.java
C:\Users\ULUGBEK\IdeaProjects\commons-geometry\commons-geometry-euclidean\src\test\java\org\apache\commons\geometry\euclidean\twod\ConvexAreaTest.java
C:\Users\ULUGBEK\IdeaProjects\commons-geometry\commons-geometry-euclidean\src\test\java\org\apache\commons\geometry\euclidean\twod\LinecastPoint2DTest.java
C:\Users\ULUGBEK\IdeaProjects\commons-geometry\commons-geometry-euclidean\src\test\java\org\apache\commons\geometry\euclidean\threed\VertexListConvexPolygon3DTest.java
C:\Users\ULUGBEK\IdeaProjects\commons-geometry\commons-geometry-euclidean\src\test\java\org\apache\commons\geometry\euclidean\threed\ConvexVolumeTest.java
C:\Users\ULUGBEK\IdeaProjects\commons-geometry\commons-geometry-euclidean\src\test\java\org\apache\commons\geometry\euclidean\threed\rotation\QuaternionRotationTest.java
C:\Users\ULUGBEK\IdeaProjects\commons-geometry\commons-geometry-euclidean\src\test\java\org\apache\commons\geometry\euclidean\threed\line\EmbeddedTreeLineSubset3DTest.java
C:\Users\ULUGBEK\IdeaProjects\commons-geometry\commons-geometry-euclidean\src\test\java\org\apache\commons\geometry\euclidean\oned\OrientedPointTest.java
C:\Users\ULUGBEK\IdeaProjects\commons-geometry\commons-geometry-euclidean\src\test\java\org\apache\commons\geometry\euclidean\twod\BoundaryList2DTest.java
C:\Users\ULUGBEK\IdeaProjects\commons-geometry\commons-geometry-euclidean\src\test\java\org\apache\commons\geometry\euclidean\threed\BoundaryList3DTest.java
C:\Users\ULUGBEK\IdeaProjects\commons-geometry\commons-geometry-euclidean\src\test\java\org\apache\commons\geometry\euclidean\twod\LineTest.java
C:\Users\ULUGBEK\IdeaProjects\commons-geometry\commons-geometry-euclidean\src\test\java\org\apache\commons\geometry\euclidean\twod\PointSet2DTest.java
C:\Users\ULUGBEK\IdeaProjects\commons-geometry\commons-geometry-euclidean\src\test\java\org\apache\commons\geometry\euclidean\twod\RegionBSPTree2DTest.java
C:\Users\ULUGBEK\IdeaProjects\commons-geometry\commons-geometry-euclidean\src\test\java\org\apache\commons\geometry\euclidean\oned\PointSet1DTest.java
C:\Users\ULUGBEK\IdeaProjects\commons-geometry\commons-geometry-euclidean\src\test\java\org\apache\commons\geometry\euclidean\threed\Vector3DTest.java
C:\Users\ULUGBEK\IdeaProjects\commons-geometry\commons-geometry-euclidean\src\test\java\org\apache\commons\geometry\euclidean\threed\EmbeddedTreePlaneSubsetTest.java
C:\Users\ULUGBEK\IdeaProjects\commons-geometry\commons-geometry-euclidean\src\test\java\org\apache\commons\geometry\euclidean\threed\PlaneConvexSubsetTest.java
C:\Users\ULUGBEK\IdeaProjects\commons-geometry\commons-geometry-euclidean\src\test\java\org\apache\commons\geometry\euclidean\threed\PlanesTest.java
C:\Users\ULUGBEK\IdeaProjects\commons-geometry\commons-geometry-euclidean\src\test\java\org\apache\commons\geometry\euclidean\threed\shape\SphereTest.java
C:\Users\ULUGBEK\IdeaProjects\commons-geometry\commons-geometry-euclidean\src\test\java\org\apache\commons\geometry\euclidean\twod\hull\ConvexHull2DTest.java
C:\Users\ULUGBEK\IdeaProjects\commons-geometry\commons-geometry-euclidean\src\test\java\org\apache\commons\geometry\euclidean\DocumentationExamplesTest.java
C:\Users\ULUGBEK\IdeaProjects\commons-geometry\commons-geometry-euclidean\src\test\java\org\apache\commons\geometry\euclidean\oned\RegionBSPTree1DTest.java
C:\Users\ULUGBEK\IdeaProjects\commons-geometry\commons-geometry-euclidean\src\test\java\org\apache\commons\geometry\euclidean\threed\SimpleTriangle3DTest.java
C:\Users\ULUGBEK\IdeaProjects\commons-geometry\commons-geometry-euclidean\src\test\java\org\apache\commons\geometry\euclidean\threed\rotation\StandardRotations.java
