org\apache\commons\geometry\euclidean\threed\shape\Parallelepiped.class
org\apache\commons\geometry\euclidean\threed\AbstractPlaneSubset.class
org\apache\commons\geometry\euclidean\twod\LineSubset.class
org\apache\commons\geometry\euclidean\twod\rotation\package-info.class
org\apache\commons\geometry\euclidean\threed\package-info.class
org\apache\commons\geometry\euclidean\twod\shape\Parallelogram$Builder.class
org\apache\commons\geometry\euclidean\AbstractBounds$BoundsLinecaster.class
org\apache\commons\geometry\euclidean\twod\shape\Parallelogram$1.class
org\apache\commons\geometry\euclidean\oned\RegionBSPTree1D$BoundaryPair.class
org\apache\commons\geometry\euclidean\threed\shape\Sphere$SphereMeshApproximationBuilder.class
org\apache\commons\geometry\euclidean\threed\PlaneSubset$Embedded.class
org\apache\commons\geometry\euclidean\threed\line\ReverseRay3D.class
org\apache\commons\geometry\euclidean\threed\shape\Sphere$SphereTreeApproximationBuilder.class
org\apache\commons\geometry\euclidean\PointMap2DImpl.class
org\apache\commons\geometry\euclidean\twod\path\InteriorAngleLinePathConnector$Minimize.class
org\apache\commons\geometry\euclidean\PointMap1DImpl$FarToNearIterator.class
org\apache\commons\geometry\euclidean\AbstractLinecastPoint.class
org\apache\commons\geometry\euclidean\twod\path\package-info.class
org\apache\commons\geometry\euclidean\threed\BoundaryList3D.class
org\apache\commons\geometry\euclidean\threed\Bounds3D$1.class
org\apache\commons\geometry\euclidean\threed\rotation\package-info.class
org\apache\commons\geometry\euclidean\internal\Matrices.class
org\apache\commons\geometry\euclidean\PointMap1DImpl$NearToFarIterator.class
org\apache\commons\geometry\euclidean\threed\mesh\package-info.class
org\apache\commons\geometry\euclidean\threed\mesh\TriangleMesh$Face.class
org\apache\commons\geometry\euclidean\twod\BoundaryList2D.class
org\apache\commons\geometry\euclidean\threed\EmbeddingPlane$SubspaceTransform.class
org\apache\commons\geometry\euclidean\twod\Segment.class
org\apache\commons\geometry\euclidean\oned\RegionBSPTree1D.class
org\apache\commons\geometry\euclidean\twod\BoundarySourceLinecaster2D.class
org\apache\commons\geometry\euclidean\oned\RegionBSPTree1D$1.class
org\apache\commons\geometry\euclidean\twod\Line$SubspaceTransform.class
org\apache\commons\geometry\euclidean\threed\AbstractConvexPolygon3D.class
org\apache\commons\geometry\euclidean\threed\shape\Sphere.class
org\apache\commons\geometry\euclidean\threed\RegionBSPTree3D$PartitionedRegionBuilder3D.class
org\apache\commons\geometry\euclidean\threed\Vector3D$1.class
org\apache\commons\geometry\euclidean\twod\AffineTransformMatrix2D.class
org\apache\commons\geometry\euclidean\threed\Plane.class
org\apache\commons\geometry\euclidean\threed\shape\Parallelepiped$Builder.class
org\apache\commons\geometry\euclidean\threed\SimpleTriangle3D.class
org\apache\commons\geometry\euclidean\twod\path\AbstractLinePathConnector$ConnectableLineSubset.class
org\apache\commons\geometry\euclidean\twod\RegionBSPTree2D.class
org\apache\commons\geometry\euclidean\twod\Bounds2D$Builder.class
org\apache\commons\geometry\euclidean\twod\package-info.class
org\apache\commons\geometry\euclidean\threed\line\Lines3D.class
org\apache\commons\geometry\euclidean\EuclideanTransform.class
org\apache\commons\geometry\euclidean\threed\mesh\SimpleTriangleMesh.class
org\apache\commons\geometry\euclidean\threed\shape\Parallelepiped$1.class
org\apache\commons\geometry\euclidean\twod\PolarCoordinates.class
org\apache\commons\geometry\euclidean\threed\EmbeddedAreaPlaneConvexSubset.class
org\apache\commons\geometry\euclidean\threed\shape\package-info.class
org\apache\commons\geometry\euclidean\internal\Vectors.class
org\apache\commons\geometry\euclidean\oned\RegionBSPTree1D$RegionNode1D.class
org\apache\commons\geometry\euclidean\threed\ConvexVolume.class
org\apache\commons\geometry\euclidean\internal\AbstractPathConnector.class
org\apache\commons\geometry\euclidean\oned\OrientedPoint$OrientedPointConvexSubset.class
org\apache\commons\geometry\euclidean\threed\line\LinecastPoint3D.class
org\apache\commons\geometry\euclidean\threed\line\LineConvexSubset3D.class
org\apache\commons\geometry\euclidean\twod\path\LinePath.class
org\apache\commons\geometry\euclidean\twod\hull\ConvexHull2D.class
org\apache\commons\geometry\euclidean\threed\EmbeddedTreePlaneSubset.class
org\apache\commons\geometry\euclidean\twod\Linecastable2D.class
org\apache\commons\geometry\euclidean\AbstractAffineTransformMatrix.class
org\apache\commons\geometry\euclidean\threed\AffineTransformMatrix3D.class
org\apache\commons\geometry\euclidean\PointMap3DImpl.class
org\apache\commons\geometry\euclidean\twod\path\AbstractLinePathConnector.class
org\apache\commons\geometry\euclidean\twod\path\InteriorAngleLinePathConnector$Maximize.class
org\apache\commons\geometry\euclidean\threed\rotation\AxisReferenceFrame.class
org\apache\commons\geometry\euclidean\twod\LineSpanningSubset.class
org\apache\commons\geometry\euclidean\threed\rotation\AxisSequenceType.class
org\apache\commons\geometry\euclidean\threed\PlaneConvexSubset.class
org\apache\commons\geometry\euclidean\twod\RegionBSPTree2D$1.class
org\apache\commons\geometry\euclidean\threed\Bounds3D.class
org\apache\commons\geometry\euclidean\threed\line\Line3D$SubspaceTransform.class
org\apache\commons\geometry\euclidean\threed\mesh\SimpleTriangleMesh$SimpleTriangleFace.class
org\apache\commons\geometry\euclidean\twod\ConvexArea.class
org\apache\commons\geometry\euclidean\twod\Line.class
org\apache\commons\geometry\euclidean\twod\Vector2D$Sum.class
org\apache\commons\geometry\euclidean\MultiDimensionalEuclideanVector.class
org\apache\commons\geometry\euclidean\threed\VertexListConvexPolygon3D.class
org\apache\commons\geometry\euclidean\twod\path\LinePath$1.class
org\apache\commons\geometry\euclidean\threed\mesh\Mesh$Face.class
org\apache\commons\geometry\euclidean\threed\rotation\QuaternionRotation.class
org\apache\commons\geometry\euclidean\oned\AffineTransformMatrix1D.class
org\apache\commons\geometry\euclidean\AbstractBounds.class
org\apache\commons\geometry\euclidean\twod\path\LinePath$SimplifiedLinePath.class
org\apache\commons\geometry\euclidean\threed\mesh\SimpleTriangleMesh$1.class
org\apache\commons\geometry\euclidean\PointMap1DImpl.class
org\apache\commons\geometry\euclidean\threed\line\package-info.class
org\apache\commons\geometry\euclidean\EuclideanVector.class
org\apache\commons\geometry\euclidean\twod\shape\Parallelogram.class
org\apache\commons\geometry\euclidean\threed\Bounds3D$Builder.class
org\apache\commons\geometry\euclidean\threed\rotation\AxisSequence.class
org\apache\commons\geometry\euclidean\twod\RegionBSPTree2D$BoundaryProjector2D.class
org\apache\commons\geometry\euclidean\twod\RegionBSPTree2D$LinecastVisitor.class
org\apache\commons\geometry\euclidean\oned\package-info.class
org\apache\commons\geometry\euclidean\twod\Bounds2D$1.class
org\apache\commons\geometry\euclidean\twod\ReverseRay.class
org\apache\commons\geometry\euclidean\twod\Bounds2D$BoundsLinecaster2D.class
org\apache\commons\geometry\euclidean\threed\ConvexPolygon3D.class
org\apache\commons\geometry\euclidean\twod\BoundarySource2D.class
org\apache\commons\geometry\euclidean\oned\Vector1D$Unit.class
org\apache\commons\geometry\euclidean\threed\Planes.class
org\apache\commons\geometry\euclidean\PointMap3DImpl$MapNode3D.class
org\apache\commons\geometry\euclidean\threed\mesh\Mesh.class
org\apache\commons\geometry\euclidean\twod\Vector2D$1.class
org\apache\commons\geometry\euclidean\twod\Vector2D.class
org\apache\commons\geometry\euclidean\twod\Ray.class
org\apache\commons\geometry\euclidean\oned\Vector1D.class
org\apache\commons\geometry\euclidean\threed\Planes$PlaneRegionExtruder.class
org\apache\commons\geometry\euclidean\threed\PlaneConvexSubset$Embedded.class
org\apache\commons\geometry\euclidean\oned\Vector1D$1.class
org\apache\commons\geometry\euclidean\threed\mesh\TriangleMesh.class
org\apache\commons\geometry\euclidean\twod\LineConvexSubset.class
org\apache\commons\geometry\euclidean\threed\BoundarySource3D.class
org\apache\commons\geometry\euclidean\twod\rotation\Rotation2D.class
org\apache\commons\geometry\euclidean\threed\SphericalCoordinates.class
org\apache\commons\geometry\euclidean\twod\EmbeddedTreeLineSubset.class
org\apache\commons\geometry\euclidean\twod\Lines.class
org\apache\commons\geometry\euclidean\threed\line\Ray3D.class
org\apache\commons\geometry\euclidean\threed\mesh\SimpleTriangleMesh$FaceIterator.class
org\apache\commons\geometry\euclidean\twod\path\LinePath$Builder.class
org\apache\commons\geometry\euclidean\twod\BoundarySourceBoundsBuilder2D.class
org\apache\commons\geometry\euclidean\twod\LinecastPoint2D.class
org\apache\commons\geometry\euclidean\internal\package-info.class
org\apache\commons\geometry\euclidean\PointMap2DImpl$MapNode2D.class
org\apache\commons\geometry\euclidean\twod\RegionBSPTree2D$RegionNode2D.class
org\apache\commons\geometry\euclidean\oned\Interval.class
org\apache\commons\geometry\euclidean\threed\Planes$PlaneBuilder.class
org\apache\commons\geometry\euclidean\AbstractNSphere.class
org\apache\commons\geometry\euclidean\oned\RegionBSPTree1D$NodeRegionVisitor.class
org\apache\commons\geometry\euclidean\twod\shape\Circle.class
org\apache\commons\geometry\euclidean\threed\AbstractEmbeddedRegionPlaneSubset.class
org\apache\commons\geometry\euclidean\threed\BoundarySourceLinecaster3D.class
org\apache\commons\geometry\euclidean\twod\Vector2D$Unit.class
org\apache\commons\geometry\euclidean\twod\shape\Circle$CircleApproximationBuilder.class
org\apache\commons\geometry\euclidean\threed\line\EmbeddedTreeLineSubset3D.class
org\apache\commons\geometry\euclidean\threed\line\Linecastable3D.class
org\apache\commons\geometry\euclidean\twod\path\InteriorAngleLinePathConnector.class
org\apache\commons\geometry\euclidean\twod\hull\package-info.class
org\apache\commons\geometry\euclidean\oned\RegionBSPTree1D$RegionSizePropertiesVisitor.class
org\apache\commons\geometry\euclidean\threed\line\LineSubset3D.class
org\apache\commons\geometry\euclidean\internal\EuclideanUtils.class
org\apache\commons\geometry\euclidean\threed\RegionBSPTree3D.class
org\apache\commons\geometry\euclidean\threed\PlaneSubset.class
org\apache\commons\geometry\euclidean\threed\rotation\Rotation3D.class
org\apache\commons\geometry\euclidean\threed\Vector3D.class
org\apache\commons\geometry\euclidean\EuclideanVectorSum.class
org\apache\commons\geometry\euclidean\threed\line\Line3D.class
org\apache\commons\geometry\euclidean\threed\line\LineSpanningSubset3D.class
org\apache\commons\geometry\euclidean\oned\OrientedPoints.class
org\apache\commons\geometry\euclidean\internal\AbstractPathConnector$ConnectableElement.class
org\apache\commons\geometry\euclidean\package-info.class
org\apache\commons\geometry\euclidean\threed\RegionBSPTree3D$BoundaryProjector3D.class
org\apache\commons\geometry\euclidean\twod\Bounds2D.class
org\apache\commons\geometry\euclidean\twod\shape\package-info.class
org\apache\commons\geometry\euclidean\threed\EmbeddingPlane.class
org\apache\commons\geometry\euclidean\threed\mesh\SimpleTriangleMesh$Builder.class
org\apache\commons\geometry\euclidean\threed\rotation\AxisAngleSequence.class
org\apache\commons\geometry\euclidean\threed\RegionBSPTree3D$RegionNode3D.class
org\apache\commons\geometry\euclidean\EuclideanCollections.class
org\apache\commons\geometry\euclidean\oned\Vector1D$Sum.class
org\apache\commons\geometry\euclidean\oned\RegionBSPTree1D$BoundaryProjector1D.class
org\apache\commons\geometry\euclidean\oned\OrientedPoint.class
org\apache\commons\geometry\euclidean\threed\RegionBSPTree3D$1.class
org\apache\commons\geometry\euclidean\threed\Triangle3D.class
org\apache\commons\geometry\euclidean\twod\hull\ConvexHull2D$Builder.class
org\apache\commons\geometry\euclidean\threed\RegionBSPTree3D$RegionSizePropertiesVisitor.class
org\apache\commons\geometry\euclidean\threed\Bounds3D$BoundsLinecaster3D.class
org\apache\commons\geometry\euclidean\threed\Vector3D$Unit.class
org\apache\commons\geometry\euclidean\threed\BoundarySourceBoundsBuilder3D.class
org\apache\commons\geometry\euclidean\twod\RegionBSPTree2D$PartitionedRegionBuilder2D.class
org\apache\commons\geometry\euclidean\threed\line\Segment3D.class
org\apache\commons\geometry\euclidean\threed\Vector3D$Sum.class
org\apache\commons\geometry\euclidean\threed\RegionBSPTree3D$LinecastVisitor.class
