C:\Users\ULUGBEK\IdeaProjects\commons-geometry\commons-geometry-euclidean\src\main\java\org\apache\commons\geometry\euclidean\threed\rotation\AxisAngleSequence.java
C:\Users\ULUGBEK\IdeaProjects\commons-geometry\commons-geometry-euclidean\src\main\java\org\apache\commons\geometry\euclidean\internal\Vectors.java
C:\Users\ULUGBEK\IdeaProjects\commons-geometry\commons-geometry-euclidean\src\main\java\org\apache\commons\geometry\euclidean\threed\SphericalCoordinates.java
C:\Users\ULUGBEK\IdeaProjects\commons-geometry\commons-geometry-euclidean\src\main\java\org\apache\commons\geometry\euclidean\threed\ConvexVolume.java
C:\Users\ULUGBEK\IdeaProjects\commons-geometry\commons-geometry-euclidean\src\main\java\org\apache\commons\geometry\euclidean\twod\path\package-info.java
C:\Users\ULUGBEK\IdeaProjects\commons-geometry\commons-geometry-euclidean\src\main\java\org\apache\commons\geometry\euclidean\threed\BoundarySourceBoundsBuilder3D.java
C:\Users\ULUGBEK\IdeaProjects\commons-geometry\commons-geometry-euclidean\src\main\java\org\apache\commons\geometry\euclidean\twod\BoundarySourceLinecaster2D.java
C:\Users\ULUGBEK\IdeaProjects\commons-geometry\commons-geometry-euclidean\src\main\java\org\apache\commons\geometry\euclidean\threed\line\EmbeddedTreeLineSubset3D.java
C:\Users\ULUGBEK\IdeaProjects\commons-geometry\commons-geometry-euclidean\src\main\java\org\apache\commons\geometry\euclidean\twod\AffineTransformMatrix2D.java
C:\Users\ULUGBEK\IdeaProjects\commons-geometry\commons-geometry-euclidean\src\main\java\org\apache\commons\geometry\euclidean\threed\shape\Sphere.java
C:\Users\ULUGBEK\IdeaProjects\commons-geometry\commons-geometry-euclidean\src\main\java\org\apache\commons\geometry\euclidean\threed\package-info.java
C:\Users\ULUGBEK\IdeaProjects\commons-geometry\commons-geometry-euclidean\src\main\java\org\apache\commons\geometry\euclidean\threed\SimpleTriangle3D.java
C:\Users\ULUGBEK\IdeaProjects\commons-geometry\commons-geometry-euclidean\src\main\java\org\apache\commons\geometry\euclidean\threed\PlaneSubset.java
C:\Users\ULUGBEK\IdeaProjects\commons-geometry\commons-geometry-euclidean\src\main\java\org\apache\commons\geometry\euclidean\threed\rotation\AxisReferenceFrame.java
C:\Users\ULUGBEK\IdeaProjects\commons-geometry\commons-geometry-euclidean\src\main\java\org\apache\commons\geometry\euclidean\threed\Bounds3D.java
C:\Users\ULUGBEK\IdeaProjects\commons-geometry\commons-geometry-euclidean\src\main\java\org\apache\commons\geometry\euclidean\threed\line\package-info.java
C:\Users\ULUGBEK\IdeaProjects\commons-geometry\commons-geometry-euclidean\src\main\java\org\apache\commons\geometry\euclidean\threed\VertexListConvexPolygon3D.java
C:\Users\ULUGBEK\IdeaProjects\commons-geometry\commons-geometry-euclidean\src\main\java\org\apache\commons\geometry\euclidean\PointMap1DImpl.java
C:\Users\ULUGBEK\IdeaProjects\commons-geometry\commons-geometry-euclidean\src\main\java\org\apache\commons\geometry\euclidean\threed\AbstractEmbeddedRegionPlaneSubset.java
C:\Users\ULUGBEK\IdeaProjects\commons-geometry\commons-geometry-euclidean\src\main\java\org\apache\commons\geometry\euclidean\threed\line\Line3D.java
C:\Users\ULUGBEK\IdeaProjects\commons-geometry\commons-geometry-euclidean\src\main\java\org\apache\commons\geometry\euclidean\oned\RegionBSPTree1D.java
C:\Users\ULUGBEK\IdeaProjects\commons-geometry\commons-geometry-euclidean\src\main\java\org\apache\commons\geometry\euclidean\EuclideanVector.java
C:\Users\ULUGBEK\IdeaProjects\commons-geometry\commons-geometry-euclidean\src\main\java\org\apache\commons\geometry\euclidean\twod\Lines.java
C:\Users\ULUGBEK\IdeaProjects\commons-geometry\commons-geometry-euclidean\src\main\java\org\apache\commons\geometry\euclidean\threed\line\LineSubset3D.java
C:\Users\ULUGBEK\IdeaProjects\commons-geometry\commons-geometry-euclidean\src\main\java\org\apache\commons\geometry\euclidean\threed\RegionBSPTree3D.java
C:\Users\ULUGBEK\IdeaProjects\commons-geometry\commons-geometry-euclidean\src\main\java\org\apache\commons\geometry\euclidean\twod\hull\ConvexHull2D.java
C:\Users\ULUGBEK\IdeaProjects\commons-geometry\commons-geometry-euclidean\src\main\java\org\apache\commons\geometry\euclidean\package-info.java
C:\Users\ULUGBEK\IdeaProjects\commons-geometry\commons-geometry-euclidean\src\main\java\org\apache\commons\geometry\euclidean\threed\rotation\AxisSequence.java
C:\Users\ULUGBEK\IdeaProjects\commons-geometry\commons-geometry-euclidean\src\main\java\org\apache\commons\geometry\euclidean\threed\AffineTransformMatrix3D.java
C:\Users\ULUGBEK\IdeaProjects\commons-geometry\commons-geometry-euclidean\src\main\java\org\apache\commons\geometry\euclidean\threed\Plane.java
C:\Users\ULUGBEK\IdeaProjects\commons-geometry\commons-geometry-euclidean\src\main\java\org\apache\commons\geometry\euclidean\twod\ReverseRay.java
C:\Users\ULUGBEK\IdeaProjects\commons-geometry\commons-geometry-euclidean\src\main\java\org\apache\commons\geometry\euclidean\threed\line\LineSpanningSubset3D.java
C:\Users\ULUGBEK\IdeaProjects\commons-geometry\commons-geometry-euclidean\src\main\java\org\apache\commons\geometry\euclidean\twod\BoundarySource2D.java
C:\Users\ULUGBEK\IdeaProjects\commons-geometry\commons-geometry-euclidean\src\main\java\org\apache\commons\geometry\euclidean\twod\PolarCoordinates.java
C:\Users\ULUGBEK\IdeaProjects\commons-geometry\commons-geometry-euclidean\src\main\java\org\apache\commons\geometry\euclidean\twod\BoundarySourceBoundsBuilder2D.java
C:\Users\ULUGBEK\IdeaProjects\commons-geometry\commons-geometry-euclidean\src\main\java\org\apache\commons\geometry\euclidean\twod\Segment.java
C:\Users\ULUGBEK\IdeaProjects\commons-geometry\commons-geometry-euclidean\src\main\java\org\apache\commons\geometry\euclidean\threed\line\Lines3D.java
C:\Users\ULUGBEK\IdeaProjects\commons-geometry\commons-geometry-euclidean\src\main\java\org\apache\commons\geometry\euclidean\threed\PlaneConvexSubset.java
C:\Users\ULUGBEK\IdeaProjects\commons-geometry\commons-geometry-euclidean\src\main\java\org\apache\commons\geometry\euclidean\twod\rotation\package-info.java
C:\Users\ULUGBEK\IdeaProjects\commons-geometry\commons-geometry-euclidean\src\main\java\org\apache\commons\geometry\euclidean\EuclideanVectorSum.java
C:\Users\ULUGBEK\IdeaProjects\commons-geometry\commons-geometry-euclidean\src\main\java\org\apache\commons\geometry\euclidean\twod\LineConvexSubset.java
C:\Users\ULUGBEK\IdeaProjects\commons-geometry\commons-geometry-euclidean\src\main\java\org\apache\commons\geometry\euclidean\twod\Line.java
C:\Users\ULUGBEK\IdeaProjects\commons-geometry\commons-geometry-euclidean\src\main\java\org\apache\commons\geometry\euclidean\twod\shape\Parallelogram.java
C:\Users\ULUGBEK\IdeaProjects\commons-geometry\commons-geometry-euclidean\src\main\java\org\apache\commons\geometry\euclidean\threed\AbstractConvexPolygon3D.java
C:\Users\ULUGBEK\IdeaProjects\commons-geometry\commons-geometry-euclidean\src\main\java\org\apache\commons\geometry\euclidean\PointMap2DImpl.java
C:\Users\ULUGBEK\IdeaProjects\commons-geometry\commons-geometry-euclidean\src\main\java\org\apache\commons\geometry\euclidean\threed\AbstractPlaneSubset.java
C:\Users\ULUGBEK\IdeaProjects\commons-geometry\commons-geometry-euclidean\src\main\java\org\apache\commons\geometry\euclidean\threed\BoundaryList3D.java
C:\Users\ULUGBEK\IdeaProjects\commons-geometry\commons-geometry-euclidean\src\main\java\org\apache\commons\geometry\euclidean\twod\LinecastPoint2D.java
C:\Users\ULUGBEK\IdeaProjects\commons-geometry\commons-geometry-euclidean\src\main\java\org\apache\commons\geometry\euclidean\twod\path\AbstractLinePathConnector.java
C:\Users\ULUGBEK\IdeaProjects\commons-geometry\commons-geometry-euclidean\src\main\java\org\apache\commons\geometry\euclidean\AbstractBounds.java
C:\Users\ULUGBEK\IdeaProjects\commons-geometry\commons-geometry-euclidean\src\main\java\org\apache\commons\geometry\euclidean\twod\LineSpanningSubset.java
C:\Users\ULUGBEK\IdeaProjects\commons-geometry\commons-geometry-euclidean\src\main\java\org\apache\commons\geometry\euclidean\threed\mesh\SimpleTriangleMesh.java
C:\Users\ULUGBEK\IdeaProjects\commons-geometry\commons-geometry-euclidean\src\main\java\org\apache\commons\geometry\euclidean\twod\path\LinePath.java
C:\Users\ULUGBEK\IdeaProjects\commons-geometry\commons-geometry-euclidean\src\main\java\org\apache\commons\geometry\euclidean\oned\Interval.java
C:\Users\ULUGBEK\IdeaProjects\commons-geometry\commons-geometry-euclidean\src\main\java\org\apache\commons\geometry\euclidean\threed\line\LinecastPoint3D.java
C:\Users\ULUGBEK\IdeaProjects\commons-geometry\commons-geometry-euclidean\src\main\java\org\apache\commons\geometry\euclidean\threed\Triangle3D.java
C:\Users\ULUGBEK\IdeaProjects\commons-geometry\commons-geometry-euclidean\src\main\java\org\apache\commons\geometry\euclidean\EuclideanTransform.java
C:\Users\ULUGBEK\IdeaProjects\commons-geometry\commons-geometry-euclidean\src\main\java\org\apache\commons\geometry\euclidean\internal\AbstractPathConnector.java
C:\Users\ULUGBEK\IdeaProjects\commons-geometry\commons-geometry-euclidean\src\main\java\org\apache\commons\geometry\euclidean\oned\Vector1D.java
C:\Users\ULUGBEK\IdeaProjects\commons-geometry\commons-geometry-euclidean\src\main\java\org\apache\commons\geometry\euclidean\internal\Matrices.java
C:\Users\ULUGBEK\IdeaProjects\commons-geometry\commons-geometry-euclidean\src\main\java\org\apache\commons\geometry\euclidean\threed\line\Ray3D.java
C:\Users\ULUGBEK\IdeaProjects\commons-geometry\commons-geometry-euclidean\src\main\java\org\apache\commons\geometry\euclidean\twod\package-info.java
C:\Users\ULUGBEK\IdeaProjects\commons-geometry\commons-geometry-euclidean\src\main\java\org\apache\commons\geometry\euclidean\twod\Linecastable2D.java
C:\Users\ULUGBEK\IdeaProjects\commons-geometry\commons-geometry-euclidean\src\main\java\org\apache\commons\geometry\euclidean\threed\rotation\package-info.java
C:\Users\ULUGBEK\IdeaProjects\commons-geometry\commons-geometry-euclidean\src\main\java\org\apache\commons\geometry\euclidean\twod\shape\Circle.java
C:\Users\ULUGBEK\IdeaProjects\commons-geometry\commons-geometry-euclidean\src\main\java\org\apache\commons\geometry\euclidean\AbstractLinecastPoint.java
C:\Users\ULUGBEK\IdeaProjects\commons-geometry\commons-geometry-euclidean\src\main\java\org\apache\commons\geometry\euclidean\threed\mesh\TriangleMesh.java
C:\Users\ULUGBEK\IdeaProjects\commons-geometry\commons-geometry-euclidean\src\main\java\org\apache\commons\geometry\euclidean\twod\Vector2D.java
C:\Users\ULUGBEK\IdeaProjects\commons-geometry\commons-geometry-euclidean\src\main\java\org\apache\commons\geometry\euclidean\twod\shape\package-info.java
C:\Users\ULUGBEK\IdeaProjects\commons-geometry\commons-geometry-euclidean\src\main\java\org\apache\commons\geometry\euclidean\AbstractAffineTransformMatrix.java
C:\Users\ULUGBEK\IdeaProjects\commons-geometry\commons-geometry-euclidean\src\main\java\org\apache\commons\geometry\euclidean\threed\ConvexPolygon3D.java
C:\Users\ULUGBEK\IdeaProjects\commons-geometry\commons-geometry-euclidean\src\main\java\org\apache\commons\geometry\euclidean\twod\path\InteriorAngleLinePathConnector.java
C:\Users\ULUGBEK\IdeaProjects\commons-geometry\commons-geometry-euclidean\src\main\java\org\apache\commons\geometry\euclidean\threed\mesh\Mesh.java
C:\Users\ULUGBEK\IdeaProjects\commons-geometry\commons-geometry-euclidean\src\main\java\org\apache\commons\geometry\euclidean\twod\ConvexArea.java
C:\Users\ULUGBEK\IdeaProjects\commons-geometry\commons-geometry-euclidean\src\main\java\org\apache\commons\geometry\euclidean\threed\line\Segment3D.java
C:\Users\ULUGBEK\IdeaProjects\commons-geometry\commons-geometry-euclidean\src\main\java\org\apache\commons\geometry\euclidean\threed\Planes.java
C:\Users\ULUGBEK\IdeaProjects\commons-geometry\commons-geometry-euclidean\src\main\java\org\apache\commons\geometry\euclidean\threed\EmbeddedTreePlaneSubset.java
C:\Users\ULUGBEK\IdeaProjects\commons-geometry\commons-geometry-euclidean\src\main\java\org\apache\commons\geometry\euclidean\threed\Vector3D.java
C:\Users\ULUGBEK\IdeaProjects\commons-geometry\commons-geometry-euclidean\src\main\java\org\apache\commons\geometry\euclidean\twod\BoundaryList2D.java
C:\Users\ULUGBEK\IdeaProjects\commons-geometry\commons-geometry-euclidean\src\main\java\org\apache\commons\geometry\euclidean\twod\RegionBSPTree2D.java
C:\Users\ULUGBEK\IdeaProjects\commons-geometry\commons-geometry-euclidean\src\main\java\org\apache\commons\geometry\euclidean\threed\line\Linecastable3D.java
C:\Users\ULUGBEK\IdeaProjects\commons-geometry\commons-geometry-euclidean\src\main\java\org\apache\commons\geometry\euclidean\EuclideanCollections.java
C:\Users\ULUGBEK\IdeaProjects\commons-geometry\commons-geometry-euclidean\src\main\java\org\apache\commons\geometry\euclidean\MultiDimensionalEuclideanVector.java
C:\Users\ULUGBEK\IdeaProjects\commons-geometry\commons-geometry-euclidean\src\main\java\org\apache\commons\geometry\euclidean\threed\rotation\QuaternionRotation.java
C:\Users\ULUGBEK\IdeaProjects\commons-geometry\commons-geometry-euclidean\src\main\java\org\apache\commons\geometry\euclidean\threed\shape\Parallelepiped.java
C:\Users\ULUGBEK\IdeaProjects\commons-geometry\commons-geometry-euclidean\src\main\java\org\apache\commons\geometry\euclidean\twod\Ray.java
C:\Users\ULUGBEK\IdeaProjects\commons-geometry\commons-geometry-euclidean\src\main\java\org\apache\commons\geometry\euclidean\threed\BoundarySource3D.java
C:\Users\ULUGBEK\IdeaProjects\commons-geometry\commons-geometry-euclidean\src\main\java\org\apache\commons\geometry\euclidean\threed\BoundarySourceLinecaster3D.java
C:\Users\ULUGBEK\IdeaProjects\commons-geometry\commons-geometry-euclidean\src\main\java\org\apache\commons\geometry\euclidean\oned\package-info.java
C:\Users\ULUGBEK\IdeaProjects\commons-geometry\commons-geometry-euclidean\src\main\java\org\apache\commons\geometry\euclidean\twod\hull\package-info.java
C:\Users\ULUGBEK\IdeaProjects\commons-geometry\commons-geometry-euclidean\src\main\java\org\apache\commons\geometry\euclidean\threed\rotation\Rotation3D.java
C:\Users\ULUGBEK\IdeaProjects\commons-geometry\commons-geometry-euclidean\src\main\java\org\apache\commons\geometry\euclidean\threed\mesh\package-info.java
C:\Users\ULUGBEK\IdeaProjects\commons-geometry\commons-geometry-euclidean\src\main\java\org\apache\commons\geometry\euclidean\twod\Bounds2D.java
C:\Users\ULUGBEK\IdeaProjects\commons-geometry\commons-geometry-euclidean\src\main\java\org\apache\commons\geometry\euclidean\threed\EmbeddedAreaPlaneConvexSubset.java
C:\Users\ULUGBEK\IdeaProjects\commons-geometry\commons-geometry-euclidean\src\main\java\org\apache\commons\geometry\euclidean\twod\rotation\Rotation2D.java
C:\Users\ULUGBEK\IdeaProjects\commons-geometry\commons-geometry-euclidean\src\main\java\org\apache\commons\geometry\euclidean\internal\EuclideanUtils.java
C:\Users\ULUGBEK\IdeaProjects\commons-geometry\commons-geometry-euclidean\src\main\java\org\apache\commons\geometry\euclidean\oned\OrientedPoint.java
C:\Users\ULUGBEK\IdeaProjects\commons-geometry\commons-geometry-euclidean\src\main\java\org\apache\commons\geometry\euclidean\AbstractNSphere.java
C:\Users\ULUGBEK\IdeaProjects\commons-geometry\commons-geometry-euclidean\src\main\java\org\apache\commons\geometry\euclidean\oned\AffineTransformMatrix1D.java
C:\Users\ULUGBEK\IdeaProjects\commons-geometry\commons-geometry-euclidean\src\main\java\org\apache\commons\geometry\euclidean\twod\LineSubset.java
C:\Users\ULUGBEK\IdeaProjects\commons-geometry\commons-geometry-euclidean\src\main\java\org\apache\commons\geometry\euclidean\threed\line\LineConvexSubset3D.java
C:\Users\ULUGBEK\IdeaProjects\commons-geometry\commons-geometry-euclidean\src\main\java\org\apache\commons\geometry\euclidean\threed\shape\package-info.java
C:\Users\ULUGBEK\IdeaProjects\commons-geometry\commons-geometry-euclidean\src\main\java\org\apache\commons\geometry\euclidean\twod\EmbeddedTreeLineSubset.java
C:\Users\ULUGBEK\IdeaProjects\commons-geometry\commons-geometry-euclidean\src\main\java\org\apache\commons\geometry\euclidean\PointMap3DImpl.java
C:\Users\ULUGBEK\IdeaProjects\commons-geometry\commons-geometry-euclidean\src\main\java\org\apache\commons\geometry\euclidean\threed\line\ReverseRay3D.java
C:\Users\ULUGBEK\IdeaProjects\commons-geometry\commons-geometry-euclidean\src\main\java\org\apache\commons\geometry\euclidean\threed\EmbeddingPlane.java
C:\Users\ULUGBEK\IdeaProjects\commons-geometry\commons-geometry-euclidean\src\main\java\org\apache\commons\geometry\euclidean\internal\package-info.java
C:\Users\ULUGBEK\IdeaProjects\commons-geometry\commons-geometry-euclidean\src\main\java\org\apache\commons\geometry\euclidean\threed\rotation\AxisSequenceType.java
C:\Users\ULUGBEK\IdeaProjects\commons-geometry\commons-geometry-euclidean\src\main\java\org\apache\commons\geometry\euclidean\oned\OrientedPoints.java
