C:\Users\ULUGBEK\IdeaProjects\commons-geometry\commons-geometry-enclosing\src\main\java\org\apache\commons\geometry\enclosing\euclidean\threed\package-info.java
C:\Users\ULUGBEK\IdeaProjects\commons-geometry\commons-geometry-enclosing\src\main\java\org\apache\commons\geometry\enclosing\euclidean\twod\WelzlEncloser2D.java
C:\Users\ULUGBEK\IdeaProjects\commons-geometry\commons-geometry-enclosing\src\main\java\org\apache\commons\geometry\enclosing\SupportBallGenerator.java
C:\Users\ULUGBEK\IdeaProjects\commons-geometry\commons-geometry-enclosing\src\main\java\org\apache\commons\geometry\enclosing\euclidean\threed\WelzlEncloser3D.java
C:\Users\ULUGBEK\IdeaProjects\commons-geometry\commons-geometry-enclosing\src\main\java\org\apache\commons\geometry\enclosing\euclidean\twod\package-info.java
C:\Users\ULUGBEK\IdeaProjects\commons-geometry\commons-geometry-enclosing\src\main\java\org\apache\commons\geometry\enclosing\package-info.java
C:\Users\ULUGBEK\IdeaProjects\commons-geometry\commons-geometry-enclosing\src\main\java\org\apache\commons\geometry\enclosing\EnclosingBall.java
C:\Users\ULUGBEK\IdeaProjects\commons-geometry\commons-geometry-enclosing\src\main\java\org\apache\commons\geometry\enclosing\euclidean\twod\DiskGenerator.java
C:\Users\ULUGBEK\IdeaProjects\commons-geometry\commons-geometry-enclosing\src\main\java\org\apache\commons\geometry\enclosing\WelzlEncloser.java
C:\Users\ULUGBEK\IdeaProjects\commons-geometry\commons-geometry-enclosing\src\main\java\org\apache\commons\geometry\enclosing\euclidean\threed\SphereGenerator.java
C:\Users\ULUGBEK\IdeaProjects\commons-geometry\commons-geometry-enclosing\src\main\java\org\apache\commons\geometry\enclosing\Encloser.java
