org\apache\commons\geometry\spherical\twod\AbstractGreatArcPathConnectorTest$TestConnector.class
org\apache\commons\geometry\spherical\twod\AbstractGreatArcPathConnectorTest.class
org\apache\commons\geometry\spherical\twod\GreatCircleTest.class
org\apache\commons\geometry\spherical\twod\BoundaryList2STest.class
org\apache\commons\geometry\spherical\oned\PointMap1STest.class
org\apache\commons\geometry\spherical\oned\RegionBSPTree1STest.class
org\apache\commons\geometry\spherical\twod\GreatArcTest.class
org\apache\commons\geometry\spherical\twod\PointSet2STest.class
org\apache\commons\geometry\spherical\twod\AbstractGreatArcPathConnectorTest$1.class
org\apache\commons\geometry\spherical\twod\EmbeddedTreeSubGreatCircleTest.class
org\apache\commons\geometry\spherical\DocumentationExamplesTest.class
org\apache\commons\geometry\spherical\twod\RegionBSPTree2STest.class
org\apache\commons\geometry\spherical\oned\PointSet1STest.class
org\apache\commons\geometry\spherical\twod\Transform2STest.class
org\apache\commons\geometry\spherical\oned\AngularIntervalTest.class
org\apache\commons\geometry\spherical\twod\PointMap2STest.class
org\apache\commons\geometry\spherical\oned\CutAngleTest.class
org\apache\commons\geometry\spherical\twod\InteriorAngleGreatArcConnectorTest.class
org\apache\commons\geometry\spherical\SphericalTestUtils.class
org\apache\commons\geometry\spherical\oned\Transform1STest.class
org\apache\commons\geometry\spherical\twod\GreatArcPathTest.class
org\apache\commons\geometry\spherical\twod\Point2STest.class
org\apache\commons\geometry\spherical\oned\Point1STest.class
org\apache\commons\geometry\spherical\twod\BoundarySource2STest.class
org\apache\commons\geometry\spherical\twod\ConvexArea2STest.class
