C:\Users\ULUGBEK\IdeaProjects\commons-geometry\commons-geometry-spherical\src\test\java\org\apache\commons\geometry\spherical\DocumentationExamplesTest.java
C:\Users\ULUGBEK\IdeaProjects\commons-geometry\commons-geometry-spherical\src\test\java\org\apache\commons\geometry\spherical\oned\RegionBSPTree1STest.java
C:\Users\ULUGBEK\IdeaProjects\commons-geometry\commons-geometry-spherical\src\test\java\org\apache\commons\geometry\spherical\twod\GreatArcPathTest.java
C:\Users\ULUGBEK\IdeaProjects\commons-geometry\commons-geometry-spherical\src\test\java\org\apache\commons\geometry\spherical\twod\EmbeddedTreeSubGreatCircleTest.java
C:\Users\ULUGBEK\IdeaProjects\commons-geometry\commons-geometry-spherical\src\test\java\org\apache\commons\geometry\spherical\oned\Transform1STest.java
C:\Users\ULUGBEK\IdeaProjects\commons-geometry\commons-geometry-spherical\src\test\java\org\apache\commons\geometry\spherical\twod\AbstractGreatArcPathConnectorTest.java
C:\Users\ULUGBEK\IdeaProjects\commons-geometry\commons-geometry-spherical\src\test\java\org\apache\commons\geometry\spherical\oned\Point1STest.java
C:\Users\ULUGBEK\IdeaProjects\commons-geometry\commons-geometry-spherical\src\test\java\org\apache\commons\geometry\spherical\SphericalTestUtils.java
C:\Users\ULUGBEK\IdeaProjects\commons-geometry\commons-geometry-spherical\src\test\java\org\apache\commons\geometry\spherical\twod\GreatCircleTest.java
C:\Users\ULUGBEK\IdeaProjects\commons-geometry\commons-geometry-spherical\src\test\java\org\apache\commons\geometry\spherical\twod\Point2STest.java
C:\Users\ULUGBEK\IdeaProjects\commons-geometry\commons-geometry-spherical\src\test\java\org\apache\commons\geometry\spherical\twod\PointSet2STest.java
C:\Users\ULUGBEK\IdeaProjects\commons-geometry\commons-geometry-spherical\src\test\java\org\apache\commons\geometry\spherical\oned\PointMap1STest.java
C:\Users\ULUGBEK\IdeaProjects\commons-geometry\commons-geometry-spherical\src\test\java\org\apache\commons\geometry\spherical\oned\PointSet1STest.java
C:\Users\ULUGBEK\IdeaProjects\commons-geometry\commons-geometry-spherical\src\test\java\org\apache\commons\geometry\spherical\twod\BoundarySource2STest.java
C:\Users\ULUGBEK\IdeaProjects\commons-geometry\commons-geometry-spherical\src\test\java\org\apache\commons\geometry\spherical\twod\PointMap2STest.java
C:\Users\ULUGBEK\IdeaProjects\commons-geometry\commons-geometry-spherical\src\test\java\org\apache\commons\geometry\spherical\twod\RegionBSPTree2STest.java
C:\Users\ULUGBEK\IdeaProjects\commons-geometry\commons-geometry-spherical\src\test\java\org\apache\commons\geometry\spherical\twod\Transform2STest.java
C:\Users\ULUGBEK\IdeaProjects\commons-geometry\commons-geometry-spherical\src\test\java\org\apache\commons\geometry\spherical\twod\BoundaryList2STest.java
C:\Users\ULUGBEK\IdeaProjects\commons-geometry\commons-geometry-spherical\src\test\java\org\apache\commons\geometry\spherical\twod\InteriorAngleGreatArcConnectorTest.java
C:\Users\ULUGBEK\IdeaProjects\commons-geometry\commons-geometry-spherical\src\test\java\org\apache\commons\geometry\spherical\twod\GreatArcTest.java
C:\Users\ULUGBEK\IdeaProjects\commons-geometry\commons-geometry-spherical\src\test\java\org\apache\commons\geometry\spherical\oned\CutAngleTest.java
C:\Users\ULUGBEK\IdeaProjects\commons-geometry\commons-geometry-spherical\src\test\java\org\apache\commons\geometry\spherical\oned\AngularIntervalTest.java
C:\Users\ULUGBEK\IdeaProjects\commons-geometry\commons-geometry-spherical\src\test\java\org\apache\commons\geometry\spherical\twod\ConvexArea2STest.java
